// Jest Snapshot v1, https://goo.gl/fbAQLP

exports[`Weather Card Renderiza correctamente 1`] = `
<View
  accessible={true}
  collapsable={false}
  focusable={true}
  nativeID="animatedComponent"
  onClick={[Function]}
  onResponderGrant={[Function]}
  onResponderMove={[Function]}
  onResponderRelease={[Function]}
  onResponderTerminate={[Function]}
  onResponderTerminationRequest={[Function]}
  onStartShouldSetResponder={[Function]}
  style={
    Object {
      "alignItems": "center",
      "backgroundColor": "#F7F7F7",
      "borderRadius": 8,
      "display": "flex",
      "flexDirection": "row",
      "height": 100,
      "justifyContent": "space-between",
      "marginBottom": 16,
      "opacity": 1,
      "paddingBottom": 16,
      "paddingLeft": 16,
      "paddingRight": 16,
      "paddingTop": 16,
    }
  }
>
  <View>
    <Text
      isFavorite={false}
      style={
        Array [
          Object {
            "color": "#333333",
            "fontFamily": "WorkSans-Medium",
            "fontSize": 22,
            "marginBottom": 8,
          },
        ]
      }
    >
      Lisbon
    </Text>
    <View
      style={
        Array [
          Object {
            "alignItems": "flex-end",
            "display": "flex",
            "flexDirection": "row",
          },
        ]
      }
    >
      <Text
        isFavorite={false}
        style={
          Array [
            Object {
              "color": "#333333",
              "fontFamily": "WorkSans-Bold",
              "fontSize": 18,
              "letterSpacing": 0.4,
              "marginRight": 8,
            },
          ]
        }
      >
        15.8
        Â°
      </Text>
      <Text
        isFavorite={false}
        style={
          Array [
            Object {
              "color": "#333333",
              "fontFamily": "WorkSans-Light",
              "fontSize": 14,
            },
          ]
        }
      >
        Clouds
      </Text>
    </View>
  </View>
  <Image
    source={
      Object {
        "testUri": "../../../src/assets/png/weatherIcons/night-cloudy.png",
      }
    }
    style={
      Array [
        Object {
          "height": 70,
          "width": 70,
        },
      ]
    }
  />
</View>
`;
